   1              		.syntax unified
   2              		.cpu cortex-m4
   3              		.fpu softvfp
   4              		.eabi_attribute 20, 1
   5              		.eabi_attribute 21, 1
   6              		.eabi_attribute 23, 3
   7              		.eabi_attribute 24, 1
   8              		.eabi_attribute 25, 1
   9              		.eabi_attribute 26, 1
  10              		.eabi_attribute 30, 6
  11              		.eabi_attribute 34, 1
  12              		.eabi_attribute 18, 4
  13              		.thumb
  14              		.file	"stm32f4xx_exti.c"
  15              		.text
  16              	.Ltext0:
  17              		.cfi_sections	.debug_frame
  18              		.align	2
  19              		.global	EXTI_DeInit
  20              		.thumb
  21              		.thumb_func
  23              	EXTI_DeInit:
  24              	.LFB110:
  25              		.file 1 "../Libraries/STM32F4xx_StdPeriph_Driver/src/stm32f4xx_exti.c"
   1:../Libraries/STM32F4xx_StdPeriph_Driver/src/stm32f4xx_exti.c **** /**
   2:../Libraries/STM32F4xx_StdPeriph_Driver/src/stm32f4xx_exti.c ****   ******************************************************************************
   3:../Libraries/STM32F4xx_StdPeriph_Driver/src/stm32f4xx_exti.c ****   * @file    stm32f4xx_exti.c
   4:../Libraries/STM32F4xx_StdPeriph_Driver/src/stm32f4xx_exti.c ****   * @author  MCD Application Team
   5:../Libraries/STM32F4xx_StdPeriph_Driver/src/stm32f4xx_exti.c ****   * @version V1.0.2
   6:../Libraries/STM32F4xx_StdPeriph_Driver/src/stm32f4xx_exti.c ****   * @date    05-March-2012
   7:../Libraries/STM32F4xx_StdPeriph_Driver/src/stm32f4xx_exti.c ****   * @brief   This file provides firmware functions to manage the following 
   8:../Libraries/STM32F4xx_StdPeriph_Driver/src/stm32f4xx_exti.c ****   *          functionalities of the EXTI peripheral:           
   9:../Libraries/STM32F4xx_StdPeriph_Driver/src/stm32f4xx_exti.c ****   *           - Initialization and Configuration
  10:../Libraries/STM32F4xx_StdPeriph_Driver/src/stm32f4xx_exti.c ****   *           - Interrupts and flags management
  11:../Libraries/STM32F4xx_StdPeriph_Driver/src/stm32f4xx_exti.c ****   *
  12:../Libraries/STM32F4xx_StdPeriph_Driver/src/stm32f4xx_exti.c ****   *  @verbatim  
  13:../Libraries/STM32F4xx_StdPeriph_Driver/src/stm32f4xx_exti.c ****   *  
  14:../Libraries/STM32F4xx_StdPeriph_Driver/src/stm32f4xx_exti.c ****   *          ===================================================================
  15:../Libraries/STM32F4xx_StdPeriph_Driver/src/stm32f4xx_exti.c ****   *                                     EXTI features
  16:../Libraries/STM32F4xx_StdPeriph_Driver/src/stm32f4xx_exti.c ****   *          ===================================================================
  17:../Libraries/STM32F4xx_StdPeriph_Driver/src/stm32f4xx_exti.c ****   *    
  18:../Libraries/STM32F4xx_StdPeriph_Driver/src/stm32f4xx_exti.c ****   *          External interrupt/event lines are mapped as following:
  19:../Libraries/STM32F4xx_StdPeriph_Driver/src/stm32f4xx_exti.c ****   *            1- All available GPIO pins are connected to the 16 external 
  20:../Libraries/STM32F4xx_StdPeriph_Driver/src/stm32f4xx_exti.c ****   *               interrupt/event lines from EXTI0 to EXTI15.
  21:../Libraries/STM32F4xx_StdPeriph_Driver/src/stm32f4xx_exti.c ****   *            2- EXTI line 16 is connected to the PVD Output
  22:../Libraries/STM32F4xx_StdPeriph_Driver/src/stm32f4xx_exti.c ****   *            3- EXTI line 17 is connected to the RTC Alarm event
  23:../Libraries/STM32F4xx_StdPeriph_Driver/src/stm32f4xx_exti.c ****   *            4- EXTI line 18 is connected to the USB OTG FS Wakeup from suspend event            
  24:../Libraries/STM32F4xx_StdPeriph_Driver/src/stm32f4xx_exti.c ****   *            5- EXTI line 19 is connected to the Ethernet Wakeup event
  25:../Libraries/STM32F4xx_StdPeriph_Driver/src/stm32f4xx_exti.c ****   *            6- EXTI line 20 is connected to the USB OTG HS (configured in FS) Wakeup event 
  26:../Libraries/STM32F4xx_StdPeriph_Driver/src/stm32f4xx_exti.c ****   *            7- EXTI line 21 is connected to the RTC Tamper and Time Stamp events                
  27:../Libraries/STM32F4xx_StdPeriph_Driver/src/stm32f4xx_exti.c ****   *            8- EXTI line 22 is connected to the RTC Wakeup event
  28:../Libraries/STM32F4xx_StdPeriph_Driver/src/stm32f4xx_exti.c ****   *        
  29:../Libraries/STM32F4xx_StdPeriph_Driver/src/stm32f4xx_exti.c ****   *          ===================================================================
  30:../Libraries/STM32F4xx_StdPeriph_Driver/src/stm32f4xx_exti.c ****   *                                 How to use this driver
  31:../Libraries/STM32F4xx_StdPeriph_Driver/src/stm32f4xx_exti.c ****   *          ===================================================================  
  32:../Libraries/STM32F4xx_StdPeriph_Driver/src/stm32f4xx_exti.c ****   *              
  33:../Libraries/STM32F4xx_StdPeriph_Driver/src/stm32f4xx_exti.c ****   *          In order to use an I/O pin as an external interrupt source, follow
  34:../Libraries/STM32F4xx_StdPeriph_Driver/src/stm32f4xx_exti.c ****   *          steps below:
  35:../Libraries/STM32F4xx_StdPeriph_Driver/src/stm32f4xx_exti.c ****   *            1- Configure the I/O in input mode using GPIO_Init()
  36:../Libraries/STM32F4xx_StdPeriph_Driver/src/stm32f4xx_exti.c ****   *            2- Select the input source pin for the EXTI line using SYSCFG_EXTILineConfig()
  37:../Libraries/STM32F4xx_StdPeriph_Driver/src/stm32f4xx_exti.c ****   *            3- Select the mode(interrupt, event) and configure the trigger 
  38:../Libraries/STM32F4xx_StdPeriph_Driver/src/stm32f4xx_exti.c ****   *               selection (Rising, falling or both) using EXTI_Init()
  39:../Libraries/STM32F4xx_StdPeriph_Driver/src/stm32f4xx_exti.c ****   *            4- Configure NVIC IRQ channel mapped to the EXTI line using NVIC_Init()
  40:../Libraries/STM32F4xx_StdPeriph_Driver/src/stm32f4xx_exti.c ****   *   
  41:../Libraries/STM32F4xx_StdPeriph_Driver/src/stm32f4xx_exti.c ****   *  @note  SYSCFG APB clock must be enabled to get write access to SYSCFG_EXTICRx
  42:../Libraries/STM32F4xx_StdPeriph_Driver/src/stm32f4xx_exti.c ****   *         registers using RCC_APB2PeriphClockCmd(RCC_APB2Periph_SYSCFG, ENABLE);
  43:../Libraries/STM32F4xx_StdPeriph_Driver/src/stm32f4xx_exti.c ****   *          
  44:../Libraries/STM32F4xx_StdPeriph_Driver/src/stm32f4xx_exti.c ****   *  @endverbatim                  
  45:../Libraries/STM32F4xx_StdPeriph_Driver/src/stm32f4xx_exti.c ****   *
  46:../Libraries/STM32F4xx_StdPeriph_Driver/src/stm32f4xx_exti.c ****   ******************************************************************************
  47:../Libraries/STM32F4xx_StdPeriph_Driver/src/stm32f4xx_exti.c ****   * @attention
  48:../Libraries/STM32F4xx_StdPeriph_Driver/src/stm32f4xx_exti.c ****   *
  49:../Libraries/STM32F4xx_StdPeriph_Driver/src/stm32f4xx_exti.c ****   * <h2><center>&copy; COPYRIGHT 2012 STMicroelectronics</center></h2>
  50:../Libraries/STM32F4xx_StdPeriph_Driver/src/stm32f4xx_exti.c ****   *
  51:../Libraries/STM32F4xx_StdPeriph_Driver/src/stm32f4xx_exti.c ****   * Licensed under MCD-ST Liberty SW License Agreement V2, (the "License");
  52:../Libraries/STM32F4xx_StdPeriph_Driver/src/stm32f4xx_exti.c ****   * You may not use this file except in compliance with the License.
  53:../Libraries/STM32F4xx_StdPeriph_Driver/src/stm32f4xx_exti.c ****   * You may obtain a copy of the License at:
  54:../Libraries/STM32F4xx_StdPeriph_Driver/src/stm32f4xx_exti.c ****   *
  55:../Libraries/STM32F4xx_StdPeriph_Driver/src/stm32f4xx_exti.c ****   *        http://www.st.com/software_license_agreement_liberty_v2
  56:../Libraries/STM32F4xx_StdPeriph_Driver/src/stm32f4xx_exti.c ****   *
  57:../Libraries/STM32F4xx_StdPeriph_Driver/src/stm32f4xx_exti.c ****   * Unless required by applicable law or agreed to in writing, software 
  58:../Libraries/STM32F4xx_StdPeriph_Driver/src/stm32f4xx_exti.c ****   * distributed under the License is distributed on an "AS IS" BASIS, 
  59:../Libraries/STM32F4xx_StdPeriph_Driver/src/stm32f4xx_exti.c ****   * WITHOUT WARRANTIES OR CONDITIONS OF ANY KIND, either express or implied.
  60:../Libraries/STM32F4xx_StdPeriph_Driver/src/stm32f4xx_exti.c ****   * See the License for the specific language governing permissions and
  61:../Libraries/STM32F4xx_StdPeriph_Driver/src/stm32f4xx_exti.c ****   * limitations under the License.
  62:../Libraries/STM32F4xx_StdPeriph_Driver/src/stm32f4xx_exti.c ****   *
  63:../Libraries/STM32F4xx_StdPeriph_Driver/src/stm32f4xx_exti.c ****   ******************************************************************************
  64:../Libraries/STM32F4xx_StdPeriph_Driver/src/stm32f4xx_exti.c ****   */
  65:../Libraries/STM32F4xx_StdPeriph_Driver/src/stm32f4xx_exti.c **** 
  66:../Libraries/STM32F4xx_StdPeriph_Driver/src/stm32f4xx_exti.c **** /* Includes ------------------------------------------------------------------*/
  67:../Libraries/STM32F4xx_StdPeriph_Driver/src/stm32f4xx_exti.c **** #include "stm32f4xx_exti.h"
  68:../Libraries/STM32F4xx_StdPeriph_Driver/src/stm32f4xx_exti.c **** 
  69:../Libraries/STM32F4xx_StdPeriph_Driver/src/stm32f4xx_exti.c **** /** @addtogroup STM32F4xx_StdPeriph_Driver
  70:../Libraries/STM32F4xx_StdPeriph_Driver/src/stm32f4xx_exti.c ****   * @{
  71:../Libraries/STM32F4xx_StdPeriph_Driver/src/stm32f4xx_exti.c ****   */
  72:../Libraries/STM32F4xx_StdPeriph_Driver/src/stm32f4xx_exti.c **** 
  73:../Libraries/STM32F4xx_StdPeriph_Driver/src/stm32f4xx_exti.c **** /** @defgroup EXTI 
  74:../Libraries/STM32F4xx_StdPeriph_Driver/src/stm32f4xx_exti.c ****   * @brief EXTI driver modules
  75:../Libraries/STM32F4xx_StdPeriph_Driver/src/stm32f4xx_exti.c ****   * @{
  76:../Libraries/STM32F4xx_StdPeriph_Driver/src/stm32f4xx_exti.c ****   */
  77:../Libraries/STM32F4xx_StdPeriph_Driver/src/stm32f4xx_exti.c **** 
  78:../Libraries/STM32F4xx_StdPeriph_Driver/src/stm32f4xx_exti.c **** /* Private typedef -----------------------------------------------------------*/
  79:../Libraries/STM32F4xx_StdPeriph_Driver/src/stm32f4xx_exti.c **** /* Private define ------------------------------------------------------------*/
  80:../Libraries/STM32F4xx_StdPeriph_Driver/src/stm32f4xx_exti.c **** 
  81:../Libraries/STM32F4xx_StdPeriph_Driver/src/stm32f4xx_exti.c **** #define EXTI_LINENONE    ((uint32_t)0x00000)  /* No interrupt selected */
  82:../Libraries/STM32F4xx_StdPeriph_Driver/src/stm32f4xx_exti.c **** 
  83:../Libraries/STM32F4xx_StdPeriph_Driver/src/stm32f4xx_exti.c **** /* Private macro -------------------------------------------------------------*/
  84:../Libraries/STM32F4xx_StdPeriph_Driver/src/stm32f4xx_exti.c **** /* Private variables ---------------------------------------------------------*/
  85:../Libraries/STM32F4xx_StdPeriph_Driver/src/stm32f4xx_exti.c **** /* Private function prototypes -----------------------------------------------*/
  86:../Libraries/STM32F4xx_StdPeriph_Driver/src/stm32f4xx_exti.c **** /* Private functions ---------------------------------------------------------*/
  87:../Libraries/STM32F4xx_StdPeriph_Driver/src/stm32f4xx_exti.c **** 
  88:../Libraries/STM32F4xx_StdPeriph_Driver/src/stm32f4xx_exti.c **** /** @defgroup EXTI_Private_Functions
  89:../Libraries/STM32F4xx_StdPeriph_Driver/src/stm32f4xx_exti.c ****   * @{
  90:../Libraries/STM32F4xx_StdPeriph_Driver/src/stm32f4xx_exti.c ****   */
  91:../Libraries/STM32F4xx_StdPeriph_Driver/src/stm32f4xx_exti.c **** 
  92:../Libraries/STM32F4xx_StdPeriph_Driver/src/stm32f4xx_exti.c **** /** @defgroup EXTI_Group1 Initialization and Configuration functions
  93:../Libraries/STM32F4xx_StdPeriph_Driver/src/stm32f4xx_exti.c ****  *  @brief   Initialization and Configuration functions 
  94:../Libraries/STM32F4xx_StdPeriph_Driver/src/stm32f4xx_exti.c ****  *
  95:../Libraries/STM32F4xx_StdPeriph_Driver/src/stm32f4xx_exti.c **** @verbatim   
  96:../Libraries/STM32F4xx_StdPeriph_Driver/src/stm32f4xx_exti.c ****  ===============================================================================
  97:../Libraries/STM32F4xx_StdPeriph_Driver/src/stm32f4xx_exti.c ****                   Initialization and Configuration functions
  98:../Libraries/STM32F4xx_StdPeriph_Driver/src/stm32f4xx_exti.c ****  ===============================================================================  
  99:../Libraries/STM32F4xx_StdPeriph_Driver/src/stm32f4xx_exti.c **** 
 100:../Libraries/STM32F4xx_StdPeriph_Driver/src/stm32f4xx_exti.c **** @endverbatim
 101:../Libraries/STM32F4xx_StdPeriph_Driver/src/stm32f4xx_exti.c ****   * @{
 102:../Libraries/STM32F4xx_StdPeriph_Driver/src/stm32f4xx_exti.c ****   */
 103:../Libraries/STM32F4xx_StdPeriph_Driver/src/stm32f4xx_exti.c **** 
 104:../Libraries/STM32F4xx_StdPeriph_Driver/src/stm32f4xx_exti.c **** /**
 105:../Libraries/STM32F4xx_StdPeriph_Driver/src/stm32f4xx_exti.c ****   * @brief  Deinitializes the EXTI peripheral registers to their default reset values.
 106:../Libraries/STM32F4xx_StdPeriph_Driver/src/stm32f4xx_exti.c ****   * @param  None
 107:../Libraries/STM32F4xx_StdPeriph_Driver/src/stm32f4xx_exti.c ****   * @retval None
 108:../Libraries/STM32F4xx_StdPeriph_Driver/src/stm32f4xx_exti.c ****   */
 109:../Libraries/STM32F4xx_StdPeriph_Driver/src/stm32f4xx_exti.c **** void EXTI_DeInit(void)
 110:../Libraries/STM32F4xx_StdPeriph_Driver/src/stm32f4xx_exti.c **** {
  26              		.loc 1 110 0
  27              		.cfi_startproc
  28              		@ args = 0, pretend = 0, frame = 0
  29              		@ frame_needed = 1, uses_anonymous_args = 0
  30              		@ link register save eliminated.
  31 0000 80B4     		push	{r7}
  32              	.LCFI0:
  33              		.cfi_def_cfa_offset 4
  34              		.cfi_offset 7, -4
  35 0002 00AF     		add	r7, sp, #0
  36              	.LCFI1:
  37              		.cfi_def_cfa_register 7
 111:../Libraries/STM32F4xx_StdPeriph_Driver/src/stm32f4xx_exti.c ****   EXTI->IMR = 0x00000000;
  38              		.loc 1 111 0
  39 0004 0A4B     		ldr	r3, .L2
  40 0006 4FF00002 		mov	r2, #0
  41 000a 1A60     		str	r2, [r3, #0]
 112:../Libraries/STM32F4xx_StdPeriph_Driver/src/stm32f4xx_exti.c ****   EXTI->EMR = 0x00000000;
  42              		.loc 1 112 0
  43 000c 084B     		ldr	r3, .L2
  44 000e 4FF00002 		mov	r2, #0
  45 0012 5A60     		str	r2, [r3, #4]
 113:../Libraries/STM32F4xx_StdPeriph_Driver/src/stm32f4xx_exti.c ****   EXTI->RTSR = 0x00000000;
  46              		.loc 1 113 0
  47 0014 064B     		ldr	r3, .L2
  48 0016 4FF00002 		mov	r2, #0
  49 001a 9A60     		str	r2, [r3, #8]
 114:../Libraries/STM32F4xx_StdPeriph_Driver/src/stm32f4xx_exti.c ****   EXTI->FTSR = 0x00000000;
  50              		.loc 1 114 0
  51 001c 044B     		ldr	r3, .L2
  52 001e 4FF00002 		mov	r2, #0
  53 0022 DA60     		str	r2, [r3, #12]
 115:../Libraries/STM32F4xx_StdPeriph_Driver/src/stm32f4xx_exti.c ****   EXTI->PR = 0x007FFFFF;
  54              		.loc 1 115 0
  55 0024 024B     		ldr	r3, .L2
  56 0026 034A     		ldr	r2, .L2+4
  57 0028 5A61     		str	r2, [r3, #20]
 116:../Libraries/STM32F4xx_StdPeriph_Driver/src/stm32f4xx_exti.c **** }
  58              		.loc 1 116 0
  59 002a BD46     		mov	sp, r7
  60 002c 80BC     		pop	{r7}
  61 002e 7047     		bx	lr
  62              	.L3:
  63              		.align	2
  64              	.L2:
  65 0030 003C0140 		.word	1073822720
  66 0034 FFFF7F00 		.word	8388607
  67              		.cfi_endproc
  68              	.LFE110:
  70              		.align	2
  71              		.global	EXTI_Init
  72              		.thumb
  73              		.thumb_func
  75              	EXTI_Init:
  76              	.LFB111:
 117:../Libraries/STM32F4xx_StdPeriph_Driver/src/stm32f4xx_exti.c **** 
 118:../Libraries/STM32F4xx_StdPeriph_Driver/src/stm32f4xx_exti.c **** /**
 119:../Libraries/STM32F4xx_StdPeriph_Driver/src/stm32f4xx_exti.c ****   * @brief  Initializes the EXTI peripheral according to the specified
 120:../Libraries/STM32F4xx_StdPeriph_Driver/src/stm32f4xx_exti.c ****   *         parameters in the EXTI_InitStruct.
 121:../Libraries/STM32F4xx_StdPeriph_Driver/src/stm32f4xx_exti.c ****   * @param  EXTI_InitStruct: pointer to a EXTI_InitTypeDef structure
 122:../Libraries/STM32F4xx_StdPeriph_Driver/src/stm32f4xx_exti.c ****   *         that contains the configuration information for the EXTI peripheral.
 123:../Libraries/STM32F4xx_StdPeriph_Driver/src/stm32f4xx_exti.c ****   * @retval None
 124:../Libraries/STM32F4xx_StdPeriph_Driver/src/stm32f4xx_exti.c ****   */
 125:../Libraries/STM32F4xx_StdPeriph_Driver/src/stm32f4xx_exti.c **** void EXTI_Init(EXTI_InitTypeDef* EXTI_InitStruct)
 126:../Libraries/STM32F4xx_StdPeriph_Driver/src/stm32f4xx_exti.c **** {
  77              		.loc 1 126 0
  78              		.cfi_startproc
  79              		@ args = 0, pretend = 0, frame = 16
  80              		@ frame_needed = 1, uses_anonymous_args = 0
  81              		@ link register save eliminated.
  82 0038 80B4     		push	{r7}
  83              	.LCFI2:
  84              		.cfi_def_cfa_offset 4
  85              		.cfi_offset 7, -4
  86 003a 85B0     		sub	sp, sp, #20
  87              	.LCFI3:
  88              		.cfi_def_cfa_offset 24
  89 003c 00AF     		add	r7, sp, #0
  90              	.LCFI4:
  91              		.cfi_def_cfa_register 7
  92 003e 7860     		str	r0, [r7, #4]
 127:../Libraries/STM32F4xx_StdPeriph_Driver/src/stm32f4xx_exti.c ****   uint32_t tmp = 0;
  93              		.loc 1 127 0
  94 0040 4FF00003 		mov	r3, #0
  95 0044 FB60     		str	r3, [r7, #12]
 128:../Libraries/STM32F4xx_StdPeriph_Driver/src/stm32f4xx_exti.c **** 
 129:../Libraries/STM32F4xx_StdPeriph_Driver/src/stm32f4xx_exti.c ****   /* Check the parameters */
 130:../Libraries/STM32F4xx_StdPeriph_Driver/src/stm32f4xx_exti.c ****   assert_param(IS_EXTI_MODE(EXTI_InitStruct->EXTI_Mode));
 131:../Libraries/STM32F4xx_StdPeriph_Driver/src/stm32f4xx_exti.c ****   assert_param(IS_EXTI_TRIGGER(EXTI_InitStruct->EXTI_Trigger));
 132:../Libraries/STM32F4xx_StdPeriph_Driver/src/stm32f4xx_exti.c ****   assert_param(IS_EXTI_LINE(EXTI_InitStruct->EXTI_Line));  
 133:../Libraries/STM32F4xx_StdPeriph_Driver/src/stm32f4xx_exti.c ****   assert_param(IS_FUNCTIONAL_STATE(EXTI_InitStruct->EXTI_LineCmd));
 134:../Libraries/STM32F4xx_StdPeriph_Driver/src/stm32f4xx_exti.c **** 
 135:../Libraries/STM32F4xx_StdPeriph_Driver/src/stm32f4xx_exti.c ****   tmp = (uint32_t)EXTI_BASE;
  96              		.loc 1 135 0
  97 0046 354B     		ldr	r3, .L8
  98 0048 FB60     		str	r3, [r7, #12]
 136:../Libraries/STM32F4xx_StdPeriph_Driver/src/stm32f4xx_exti.c ****      
 137:../Libraries/STM32F4xx_StdPeriph_Driver/src/stm32f4xx_exti.c ****   if (EXTI_InitStruct->EXTI_LineCmd != DISABLE)
  99              		.loc 1 137 0
 100 004a 7B68     		ldr	r3, [r7, #4]
 101 004c 9B79     		ldrb	r3, [r3, #6]	@ zero_extendqisi2
 102 004e 002B     		cmp	r3, #0
 103 0050 51D0     		beq	.L5
 138:../Libraries/STM32F4xx_StdPeriph_Driver/src/stm32f4xx_exti.c ****   {
 139:../Libraries/STM32F4xx_StdPeriph_Driver/src/stm32f4xx_exti.c ****     /* Clear EXTI line configuration */
 140:../Libraries/STM32F4xx_StdPeriph_Driver/src/stm32f4xx_exti.c ****     EXTI->IMR &= ~EXTI_InitStruct->EXTI_Line;
 104              		.loc 1 140 0
 105 0052 324B     		ldr	r3, .L8
 106 0054 314A     		ldr	r2, .L8
 107 0056 1168     		ldr	r1, [r2, #0]
 108 0058 7A68     		ldr	r2, [r7, #4]
 109 005a 1268     		ldr	r2, [r2, #0]
 110 005c 6FEA0202 		mvn	r2, r2
 111 0060 0A40     		ands	r2, r2, r1
 112 0062 1A60     		str	r2, [r3, #0]
 141:../Libraries/STM32F4xx_StdPeriph_Driver/src/stm32f4xx_exti.c ****     EXTI->EMR &= ~EXTI_InitStruct->EXTI_Line;
 113              		.loc 1 141 0
 114 0064 2D4B     		ldr	r3, .L8
 115 0066 2D4A     		ldr	r2, .L8
 116 0068 5168     		ldr	r1, [r2, #4]
 117 006a 7A68     		ldr	r2, [r7, #4]
 118 006c 1268     		ldr	r2, [r2, #0]
 119 006e 6FEA0202 		mvn	r2, r2
 120 0072 0A40     		ands	r2, r2, r1
 121 0074 5A60     		str	r2, [r3, #4]
 142:../Libraries/STM32F4xx_StdPeriph_Driver/src/stm32f4xx_exti.c ****     
 143:../Libraries/STM32F4xx_StdPeriph_Driver/src/stm32f4xx_exti.c ****     tmp += EXTI_InitStruct->EXTI_Mode;
 122              		.loc 1 143 0
 123 0076 7B68     		ldr	r3, [r7, #4]
 124 0078 1B79     		ldrb	r3, [r3, #4]	@ zero_extendqisi2
 125 007a FA68     		ldr	r2, [r7, #12]
 126 007c D318     		adds	r3, r2, r3
 127 007e FB60     		str	r3, [r7, #12]
 144:../Libraries/STM32F4xx_StdPeriph_Driver/src/stm32f4xx_exti.c **** 
 145:../Libraries/STM32F4xx_StdPeriph_Driver/src/stm32f4xx_exti.c ****     *(__IO uint32_t *) tmp |= EXTI_InitStruct->EXTI_Line;
 128              		.loc 1 145 0
 129 0080 FB68     		ldr	r3, [r7, #12]
 130 0082 FA68     		ldr	r2, [r7, #12]
 131 0084 1168     		ldr	r1, [r2, #0]
 132 0086 7A68     		ldr	r2, [r7, #4]
 133 0088 1268     		ldr	r2, [r2, #0]
 134 008a 0A43     		orrs	r2, r2, r1
 135 008c 1A60     		str	r2, [r3, #0]
 146:../Libraries/STM32F4xx_StdPeriph_Driver/src/stm32f4xx_exti.c **** 
 147:../Libraries/STM32F4xx_StdPeriph_Driver/src/stm32f4xx_exti.c ****     /* Clear Rising Falling edge configuration */
 148:../Libraries/STM32F4xx_StdPeriph_Driver/src/stm32f4xx_exti.c ****     EXTI->RTSR &= ~EXTI_InitStruct->EXTI_Line;
 136              		.loc 1 148 0
 137 008e 234B     		ldr	r3, .L8
 138 0090 224A     		ldr	r2, .L8
 139 0092 9168     		ldr	r1, [r2, #8]
 140 0094 7A68     		ldr	r2, [r7, #4]
 141 0096 1268     		ldr	r2, [r2, #0]
 142 0098 6FEA0202 		mvn	r2, r2
 143 009c 0A40     		ands	r2, r2, r1
 144 009e 9A60     		str	r2, [r3, #8]
 149:../Libraries/STM32F4xx_StdPeriph_Driver/src/stm32f4xx_exti.c ****     EXTI->FTSR &= ~EXTI_InitStruct->EXTI_Line;
 145              		.loc 1 149 0
 146 00a0 1E4B     		ldr	r3, .L8
 147 00a2 1E4A     		ldr	r2, .L8
 148 00a4 D168     		ldr	r1, [r2, #12]
 149 00a6 7A68     		ldr	r2, [r7, #4]
 150 00a8 1268     		ldr	r2, [r2, #0]
 151 00aa 6FEA0202 		mvn	r2, r2
 152 00ae 0A40     		ands	r2, r2, r1
 153 00b0 DA60     		str	r2, [r3, #12]
 150:../Libraries/STM32F4xx_StdPeriph_Driver/src/stm32f4xx_exti.c ****     
 151:../Libraries/STM32F4xx_StdPeriph_Driver/src/stm32f4xx_exti.c ****     /* Select the trigger for the selected external interrupts */
 152:../Libraries/STM32F4xx_StdPeriph_Driver/src/stm32f4xx_exti.c ****     if (EXTI_InitStruct->EXTI_Trigger == EXTI_Trigger_Rising_Falling)
 154              		.loc 1 152 0
 155 00b2 7B68     		ldr	r3, [r7, #4]
 156 00b4 5B79     		ldrb	r3, [r3, #5]	@ zero_extendqisi2
 157 00b6 102B     		cmp	r3, #16
 158 00b8 0ED1     		bne	.L6
 153:../Libraries/STM32F4xx_StdPeriph_Driver/src/stm32f4xx_exti.c ****     {
 154:../Libraries/STM32F4xx_StdPeriph_Driver/src/stm32f4xx_exti.c ****       /* Rising Falling edge */
 155:../Libraries/STM32F4xx_StdPeriph_Driver/src/stm32f4xx_exti.c ****       EXTI->RTSR |= EXTI_InitStruct->EXTI_Line;
 159              		.loc 1 155 0
 160 00ba 184B     		ldr	r3, .L8
 161 00bc 174A     		ldr	r2, .L8
 162 00be 9168     		ldr	r1, [r2, #8]
 163 00c0 7A68     		ldr	r2, [r7, #4]
 164 00c2 1268     		ldr	r2, [r2, #0]
 165 00c4 0A43     		orrs	r2, r2, r1
 166 00c6 9A60     		str	r2, [r3, #8]
 156:../Libraries/STM32F4xx_StdPeriph_Driver/src/stm32f4xx_exti.c ****       EXTI->FTSR |= EXTI_InitStruct->EXTI_Line;
 167              		.loc 1 156 0
 168 00c8 144B     		ldr	r3, .L8
 169 00ca 144A     		ldr	r2, .L8
 170 00cc D168     		ldr	r1, [r2, #12]
 171 00ce 7A68     		ldr	r2, [r7, #4]
 172 00d0 1268     		ldr	r2, [r2, #0]
 173 00d2 0A43     		orrs	r2, r2, r1
 174 00d4 DA60     		str	r2, [r3, #12]
 175 00d6 1CE0     		b	.L4
 176              	.L6:
 157:../Libraries/STM32F4xx_StdPeriph_Driver/src/stm32f4xx_exti.c ****     }
 158:../Libraries/STM32F4xx_StdPeriph_Driver/src/stm32f4xx_exti.c ****     else
 159:../Libraries/STM32F4xx_StdPeriph_Driver/src/stm32f4xx_exti.c ****     {
 160:../Libraries/STM32F4xx_StdPeriph_Driver/src/stm32f4xx_exti.c ****       tmp = (uint32_t)EXTI_BASE;
 177              		.loc 1 160 0
 178 00d8 104B     		ldr	r3, .L8
 179 00da FB60     		str	r3, [r7, #12]
 161:../Libraries/STM32F4xx_StdPeriph_Driver/src/stm32f4xx_exti.c ****       tmp += EXTI_InitStruct->EXTI_Trigger;
 180              		.loc 1 161 0
 181 00dc 7B68     		ldr	r3, [r7, #4]
 182 00de 5B79     		ldrb	r3, [r3, #5]	@ zero_extendqisi2
 183 00e0 FA68     		ldr	r2, [r7, #12]
 184 00e2 D318     		adds	r3, r2, r3
 185 00e4 FB60     		str	r3, [r7, #12]
 162:../Libraries/STM32F4xx_StdPeriph_Driver/src/stm32f4xx_exti.c **** 
 163:../Libraries/STM32F4xx_StdPeriph_Driver/src/stm32f4xx_exti.c ****       *(__IO uint32_t *) tmp |= EXTI_InitStruct->EXTI_Line;
 186              		.loc 1 163 0
 187 00e6 FB68     		ldr	r3, [r7, #12]
 188 00e8 FA68     		ldr	r2, [r7, #12]
 189 00ea 1168     		ldr	r1, [r2, #0]
 190 00ec 7A68     		ldr	r2, [r7, #4]
 191 00ee 1268     		ldr	r2, [r2, #0]
 192 00f0 0A43     		orrs	r2, r2, r1
 193 00f2 1A60     		str	r2, [r3, #0]
 194 00f4 0DE0     		b	.L4
 195              	.L5:
 164:../Libraries/STM32F4xx_StdPeriph_Driver/src/stm32f4xx_exti.c ****     }
 165:../Libraries/STM32F4xx_StdPeriph_Driver/src/stm32f4xx_exti.c ****   }
 166:../Libraries/STM32F4xx_StdPeriph_Driver/src/stm32f4xx_exti.c ****   else
 167:../Libraries/STM32F4xx_StdPeriph_Driver/src/stm32f4xx_exti.c ****   {
 168:../Libraries/STM32F4xx_StdPeriph_Driver/src/stm32f4xx_exti.c ****     tmp += EXTI_InitStruct->EXTI_Mode;
 196              		.loc 1 168 0
 197 00f6 7B68     		ldr	r3, [r7, #4]
 198 00f8 1B79     		ldrb	r3, [r3, #4]	@ zero_extendqisi2
 199 00fa FA68     		ldr	r2, [r7, #12]
 200 00fc D318     		adds	r3, r2, r3
 201 00fe FB60     		str	r3, [r7, #12]
 169:../Libraries/STM32F4xx_StdPeriph_Driver/src/stm32f4xx_exti.c **** 
 170:../Libraries/STM32F4xx_StdPeriph_Driver/src/stm32f4xx_exti.c ****     /* Disable the selected external lines */
 171:../Libraries/STM32F4xx_StdPeriph_Driver/src/stm32f4xx_exti.c ****     *(__IO uint32_t *) tmp &= ~EXTI_InitStruct->EXTI_Line;
 202              		.loc 1 171 0
 203 0100 FB68     		ldr	r3, [r7, #12]
 204 0102 FA68     		ldr	r2, [r7, #12]
 205 0104 1168     		ldr	r1, [r2, #0]
 206 0106 7A68     		ldr	r2, [r7, #4]
 207 0108 1268     		ldr	r2, [r2, #0]
 208 010a 6FEA0202 		mvn	r2, r2
 209 010e 0A40     		ands	r2, r2, r1
 210 0110 1A60     		str	r2, [r3, #0]
 211              	.L4:
 172:../Libraries/STM32F4xx_StdPeriph_Driver/src/stm32f4xx_exti.c ****   }
 173:../Libraries/STM32F4xx_StdPeriph_Driver/src/stm32f4xx_exti.c **** }
 212              		.loc 1 173 0
 213 0112 07F11407 		add	r7, r7, #20
 214 0116 BD46     		mov	sp, r7
 215 0118 80BC     		pop	{r7}
 216 011a 7047     		bx	lr
 217              	.L9:
 218              		.align	2
 219              	.L8:
 220 011c 003C0140 		.word	1073822720
 221              		.cfi_endproc
 222              	.LFE111:
 224              		.align	2
 225              		.global	EXTI_StructInit
 226              		.thumb
 227              		.thumb_func
 229              	EXTI_StructInit:
 230              	.LFB112:
 174:../Libraries/STM32F4xx_StdPeriph_Driver/src/stm32f4xx_exti.c **** 
 175:../Libraries/STM32F4xx_StdPeriph_Driver/src/stm32f4xx_exti.c **** /**
 176:../Libraries/STM32F4xx_StdPeriph_Driver/src/stm32f4xx_exti.c ****   * @brief  Fills each EXTI_InitStruct member with its reset value.
 177:../Libraries/STM32F4xx_StdPeriph_Driver/src/stm32f4xx_exti.c ****   * @param  EXTI_InitStruct: pointer to a EXTI_InitTypeDef structure which will
 178:../Libraries/STM32F4xx_StdPeriph_Driver/src/stm32f4xx_exti.c ****   *         be initialized.
 179:../Libraries/STM32F4xx_StdPeriph_Driver/src/stm32f4xx_exti.c ****   * @retval None
 180:../Libraries/STM32F4xx_StdPeriph_Driver/src/stm32f4xx_exti.c ****   */
 181:../Libraries/STM32F4xx_StdPeriph_Driver/src/stm32f4xx_exti.c **** void EXTI_StructInit(EXTI_InitTypeDef* EXTI_InitStruct)
 182:../Libraries/STM32F4xx_StdPeriph_Driver/src/stm32f4xx_exti.c **** {
 231              		.loc 1 182 0
 232              		.cfi_startproc
 233              		@ args = 0, pretend = 0, frame = 8
 234              		@ frame_needed = 1, uses_anonymous_args = 0
 235              		@ link register save eliminated.
 236 0120 80B4     		push	{r7}
 237              	.LCFI5:
 238              		.cfi_def_cfa_offset 4
 239              		.cfi_offset 7, -4
 240 0122 83B0     		sub	sp, sp, #12
 241              	.LCFI6:
 242              		.cfi_def_cfa_offset 16
 243 0124 00AF     		add	r7, sp, #0
 244              	.LCFI7:
 245              		.cfi_def_cfa_register 7
 246 0126 7860     		str	r0, [r7, #4]
 183:../Libraries/STM32F4xx_StdPeriph_Driver/src/stm32f4xx_exti.c ****   EXTI_InitStruct->EXTI_Line = EXTI_LINENONE;
 247              		.loc 1 183 0
 248 0128 7B68     		ldr	r3, [r7, #4]
 249 012a 4FF00002 		mov	r2, #0
 250 012e 1A60     		str	r2, [r3, #0]
 184:../Libraries/STM32F4xx_StdPeriph_Driver/src/stm32f4xx_exti.c ****   EXTI_InitStruct->EXTI_Mode = EXTI_Mode_Interrupt;
 251              		.loc 1 184 0
 252 0130 7B68     		ldr	r3, [r7, #4]
 253 0132 4FF00002 		mov	r2, #0
 254 0136 1A71     		strb	r2, [r3, #4]
 185:../Libraries/STM32F4xx_StdPeriph_Driver/src/stm32f4xx_exti.c ****   EXTI_InitStruct->EXTI_Trigger = EXTI_Trigger_Falling;
 255              		.loc 1 185 0
 256 0138 7B68     		ldr	r3, [r7, #4]
 257 013a 4FF00C02 		mov	r2, #12
 258 013e 5A71     		strb	r2, [r3, #5]
 186:../Libraries/STM32F4xx_StdPeriph_Driver/src/stm32f4xx_exti.c ****   EXTI_InitStruct->EXTI_LineCmd = DISABLE;
 259              		.loc 1 186 0
 260 0140 7B68     		ldr	r3, [r7, #4]
 261 0142 4FF00002 		mov	r2, #0
 262 0146 9A71     		strb	r2, [r3, #6]
 187:../Libraries/STM32F4xx_StdPeriph_Driver/src/stm32f4xx_exti.c **** }
 263              		.loc 1 187 0
 264 0148 07F10C07 		add	r7, r7, #12
 265 014c BD46     		mov	sp, r7
 266 014e 80BC     		pop	{r7}
 267 0150 7047     		bx	lr
 268              		.cfi_endproc
 269              	.LFE112:
 271 0152 00BF     		.align	2
 272              		.global	EXTI_GenerateSWInterrupt
 273              		.thumb
 274              		.thumb_func
 276              	EXTI_GenerateSWInterrupt:
 277              	.LFB113:
 188:../Libraries/STM32F4xx_StdPeriph_Driver/src/stm32f4xx_exti.c **** 
 189:../Libraries/STM32F4xx_StdPeriph_Driver/src/stm32f4xx_exti.c **** /**
 190:../Libraries/STM32F4xx_StdPeriph_Driver/src/stm32f4xx_exti.c ****   * @brief  Generates a Software interrupt on selected EXTI line.
 191:../Libraries/STM32F4xx_StdPeriph_Driver/src/stm32f4xx_exti.c ****   * @param  EXTI_Line: specifies the EXTI line on which the software interrupt
 192:../Libraries/STM32F4xx_StdPeriph_Driver/src/stm32f4xx_exti.c ****   *         will be generated.
 193:../Libraries/STM32F4xx_StdPeriph_Driver/src/stm32f4xx_exti.c ****   *         This parameter can be any combination of EXTI_Linex where x can be (0..22)
 194:../Libraries/STM32F4xx_StdPeriph_Driver/src/stm32f4xx_exti.c ****   * @retval None
 195:../Libraries/STM32F4xx_StdPeriph_Driver/src/stm32f4xx_exti.c ****   */
 196:../Libraries/STM32F4xx_StdPeriph_Driver/src/stm32f4xx_exti.c **** void EXTI_GenerateSWInterrupt(uint32_t EXTI_Line)
 197:../Libraries/STM32F4xx_StdPeriph_Driver/src/stm32f4xx_exti.c **** {
 278              		.loc 1 197 0
 279              		.cfi_startproc
 280              		@ args = 0, pretend = 0, frame = 8
 281              		@ frame_needed = 1, uses_anonymous_args = 0
 282              		@ link register save eliminated.
 283 0154 80B4     		push	{r7}
 284              	.LCFI8:
 285              		.cfi_def_cfa_offset 4
 286              		.cfi_offset 7, -4
 287 0156 83B0     		sub	sp, sp, #12
 288              	.LCFI9:
 289              		.cfi_def_cfa_offset 16
 290 0158 00AF     		add	r7, sp, #0
 291              	.LCFI10:
 292              		.cfi_def_cfa_register 7
 293 015a 7860     		str	r0, [r7, #4]
 198:../Libraries/STM32F4xx_StdPeriph_Driver/src/stm32f4xx_exti.c ****   /* Check the parameters */
 199:../Libraries/STM32F4xx_StdPeriph_Driver/src/stm32f4xx_exti.c ****   assert_param(IS_EXTI_LINE(EXTI_Line));
 200:../Libraries/STM32F4xx_StdPeriph_Driver/src/stm32f4xx_exti.c ****   
 201:../Libraries/STM32F4xx_StdPeriph_Driver/src/stm32f4xx_exti.c ****   EXTI->SWIER |= EXTI_Line;
 294              		.loc 1 201 0
 295 015c 054B     		ldr	r3, .L12
 296 015e 054A     		ldr	r2, .L12
 297 0160 1169     		ldr	r1, [r2, #16]
 298 0162 7A68     		ldr	r2, [r7, #4]
 299 0164 0A43     		orrs	r2, r2, r1
 300 0166 1A61     		str	r2, [r3, #16]
 202:../Libraries/STM32F4xx_StdPeriph_Driver/src/stm32f4xx_exti.c **** }
 301              		.loc 1 202 0
 302 0168 07F10C07 		add	r7, r7, #12
 303 016c BD46     		mov	sp, r7
 304 016e 80BC     		pop	{r7}
 305 0170 7047     		bx	lr
 306              	.L13:
 307 0172 00BF     		.align	2
 308              	.L12:
 309 0174 003C0140 		.word	1073822720
 310              		.cfi_endproc
 311              	.LFE113:
 313              		.align	2
 314              		.global	EXTI_GetFlagStatus
 315              		.thumb
 316              		.thumb_func
 318              	EXTI_GetFlagStatus:
 319              	.LFB114:
 203:../Libraries/STM32F4xx_StdPeriph_Driver/src/stm32f4xx_exti.c **** 
 204:../Libraries/STM32F4xx_StdPeriph_Driver/src/stm32f4xx_exti.c **** /**
 205:../Libraries/STM32F4xx_StdPeriph_Driver/src/stm32f4xx_exti.c ****   * @}
 206:../Libraries/STM32F4xx_StdPeriph_Driver/src/stm32f4xx_exti.c ****   */
 207:../Libraries/STM32F4xx_StdPeriph_Driver/src/stm32f4xx_exti.c **** 
 208:../Libraries/STM32F4xx_StdPeriph_Driver/src/stm32f4xx_exti.c **** /** @defgroup EXTI_Group2 Interrupts and flags management functions
 209:../Libraries/STM32F4xx_StdPeriph_Driver/src/stm32f4xx_exti.c ****  *  @brief   Interrupts and flags management functions 
 210:../Libraries/STM32F4xx_StdPeriph_Driver/src/stm32f4xx_exti.c ****  *
 211:../Libraries/STM32F4xx_StdPeriph_Driver/src/stm32f4xx_exti.c **** @verbatim   
 212:../Libraries/STM32F4xx_StdPeriph_Driver/src/stm32f4xx_exti.c ****  ===============================================================================
 213:../Libraries/STM32F4xx_StdPeriph_Driver/src/stm32f4xx_exti.c ****                   Interrupts and flags management functions
 214:../Libraries/STM32F4xx_StdPeriph_Driver/src/stm32f4xx_exti.c ****  ===============================================================================  
 215:../Libraries/STM32F4xx_StdPeriph_Driver/src/stm32f4xx_exti.c **** 
 216:../Libraries/STM32F4xx_StdPeriph_Driver/src/stm32f4xx_exti.c **** @endverbatim
 217:../Libraries/STM32F4xx_StdPeriph_Driver/src/stm32f4xx_exti.c ****   * @{
 218:../Libraries/STM32F4xx_StdPeriph_Driver/src/stm32f4xx_exti.c ****   */
 219:../Libraries/STM32F4xx_StdPeriph_Driver/src/stm32f4xx_exti.c **** 
 220:../Libraries/STM32F4xx_StdPeriph_Driver/src/stm32f4xx_exti.c **** /**
 221:../Libraries/STM32F4xx_StdPeriph_Driver/src/stm32f4xx_exti.c ****   * @brief  Checks whether the specified EXTI line flag is set or not.
 222:../Libraries/STM32F4xx_StdPeriph_Driver/src/stm32f4xx_exti.c ****   * @param  EXTI_Line: specifies the EXTI line flag to check.
 223:../Libraries/STM32F4xx_StdPeriph_Driver/src/stm32f4xx_exti.c ****   *          This parameter can be EXTI_Linex where x can be(0..22)
 224:../Libraries/STM32F4xx_StdPeriph_Driver/src/stm32f4xx_exti.c ****   * @retval The new state of EXTI_Line (SET or RESET).
 225:../Libraries/STM32F4xx_StdPeriph_Driver/src/stm32f4xx_exti.c ****   */
 226:../Libraries/STM32F4xx_StdPeriph_Driver/src/stm32f4xx_exti.c **** FlagStatus EXTI_GetFlagStatus(uint32_t EXTI_Line)
 227:../Libraries/STM32F4xx_StdPeriph_Driver/src/stm32f4xx_exti.c **** {
 320              		.loc 1 227 0
 321              		.cfi_startproc
 322              		@ args = 0, pretend = 0, frame = 16
 323              		@ frame_needed = 1, uses_anonymous_args = 0
 324              		@ link register save eliminated.
 325 0178 80B4     		push	{r7}
 326              	.LCFI11:
 327              		.cfi_def_cfa_offset 4
 328              		.cfi_offset 7, -4
 329 017a 85B0     		sub	sp, sp, #20
 330              	.LCFI12:
 331              		.cfi_def_cfa_offset 24
 332 017c 00AF     		add	r7, sp, #0
 333              	.LCFI13:
 334              		.cfi_def_cfa_register 7
 335 017e 7860     		str	r0, [r7, #4]
 228:../Libraries/STM32F4xx_StdPeriph_Driver/src/stm32f4xx_exti.c ****   FlagStatus bitstatus = RESET;
 336              		.loc 1 228 0
 337 0180 4FF00003 		mov	r3, #0
 338 0184 FB73     		strb	r3, [r7, #15]
 229:../Libraries/STM32F4xx_StdPeriph_Driver/src/stm32f4xx_exti.c ****   /* Check the parameters */
 230:../Libraries/STM32F4xx_StdPeriph_Driver/src/stm32f4xx_exti.c ****   assert_param(IS_GET_EXTI_LINE(EXTI_Line));
 231:../Libraries/STM32F4xx_StdPeriph_Driver/src/stm32f4xx_exti.c ****   
 232:../Libraries/STM32F4xx_StdPeriph_Driver/src/stm32f4xx_exti.c ****   if ((EXTI->PR & EXTI_Line) != (uint32_t)RESET)
 339              		.loc 1 232 0
 340 0186 0A4B     		ldr	r3, .L18
 341 0188 5A69     		ldr	r2, [r3, #20]
 342 018a 7B68     		ldr	r3, [r7, #4]
 343 018c 1340     		ands	r3, r3, r2
 344 018e 002B     		cmp	r3, #0
 345 0190 03D0     		beq	.L15
 233:../Libraries/STM32F4xx_StdPeriph_Driver/src/stm32f4xx_exti.c ****   {
 234:../Libraries/STM32F4xx_StdPeriph_Driver/src/stm32f4xx_exti.c ****     bitstatus = SET;
 346              		.loc 1 234 0
 347 0192 4FF00103 		mov	r3, #1
 348 0196 FB73     		strb	r3, [r7, #15]
 349 0198 02E0     		b	.L16
 350              	.L15:
 235:../Libraries/STM32F4xx_StdPeriph_Driver/src/stm32f4xx_exti.c ****   }
 236:../Libraries/STM32F4xx_StdPeriph_Driver/src/stm32f4xx_exti.c ****   else
 237:../Libraries/STM32F4xx_StdPeriph_Driver/src/stm32f4xx_exti.c ****   {
 238:../Libraries/STM32F4xx_StdPeriph_Driver/src/stm32f4xx_exti.c ****     bitstatus = RESET;
 351              		.loc 1 238 0
 352 019a 4FF00003 		mov	r3, #0
 353 019e FB73     		strb	r3, [r7, #15]
 354              	.L16:
 239:../Libraries/STM32F4xx_StdPeriph_Driver/src/stm32f4xx_exti.c ****   }
 240:../Libraries/STM32F4xx_StdPeriph_Driver/src/stm32f4xx_exti.c ****   return bitstatus;
 355              		.loc 1 240 0
 356 01a0 FB7B     		ldrb	r3, [r7, #15]	@ zero_extendqisi2
 241:../Libraries/STM32F4xx_StdPeriph_Driver/src/stm32f4xx_exti.c **** }
 357              		.loc 1 241 0
 358 01a2 1846     		mov	r0, r3
 359 01a4 07F11407 		add	r7, r7, #20
 360 01a8 BD46     		mov	sp, r7
 361 01aa 80BC     		pop	{r7}
 362 01ac 7047     		bx	lr
 363              	.L19:
 364 01ae 00BF     		.align	2
 365              	.L18:
 366 01b0 003C0140 		.word	1073822720
 367              		.cfi_endproc
 368              	.LFE114:
 370              		.align	2
 371              		.global	EXTI_ClearFlag
 372              		.thumb
 373              		.thumb_func
 375              	EXTI_ClearFlag:
 376              	.LFB115:
 242:../Libraries/STM32F4xx_StdPeriph_Driver/src/stm32f4xx_exti.c **** 
 243:../Libraries/STM32F4xx_StdPeriph_Driver/src/stm32f4xx_exti.c **** /**
 244:../Libraries/STM32F4xx_StdPeriph_Driver/src/stm32f4xx_exti.c ****   * @brief  Clears the EXTI's line pending flags.
 245:../Libraries/STM32F4xx_StdPeriph_Driver/src/stm32f4xx_exti.c ****   * @param  EXTI_Line: specifies the EXTI lines flags to clear.
 246:../Libraries/STM32F4xx_StdPeriph_Driver/src/stm32f4xx_exti.c ****   *          This parameter can be any combination of EXTI_Linex where x can be (0..22)
 247:../Libraries/STM32F4xx_StdPeriph_Driver/src/stm32f4xx_exti.c ****   * @retval None
 248:../Libraries/STM32F4xx_StdPeriph_Driver/src/stm32f4xx_exti.c ****   */
 249:../Libraries/STM32F4xx_StdPeriph_Driver/src/stm32f4xx_exti.c **** void EXTI_ClearFlag(uint32_t EXTI_Line)
 250:../Libraries/STM32F4xx_StdPeriph_Driver/src/stm32f4xx_exti.c **** {
 377              		.loc 1 250 0
 378              		.cfi_startproc
 379              		@ args = 0, pretend = 0, frame = 8
 380              		@ frame_needed = 1, uses_anonymous_args = 0
 381              		@ link register save eliminated.
 382 01b4 80B4     		push	{r7}
 383              	.LCFI14:
 384              		.cfi_def_cfa_offset 4
 385              		.cfi_offset 7, -4
 386 01b6 83B0     		sub	sp, sp, #12
 387              	.LCFI15:
 388              		.cfi_def_cfa_offset 16
 389 01b8 00AF     		add	r7, sp, #0
 390              	.LCFI16:
 391              		.cfi_def_cfa_register 7
 392 01ba 7860     		str	r0, [r7, #4]
 251:../Libraries/STM32F4xx_StdPeriph_Driver/src/stm32f4xx_exti.c ****   /* Check the parameters */
 252:../Libraries/STM32F4xx_StdPeriph_Driver/src/stm32f4xx_exti.c ****   assert_param(IS_EXTI_LINE(EXTI_Line));
 253:../Libraries/STM32F4xx_StdPeriph_Driver/src/stm32f4xx_exti.c ****   
 254:../Libraries/STM32F4xx_StdPeriph_Driver/src/stm32f4xx_exti.c ****   EXTI->PR = EXTI_Line;
 393              		.loc 1 254 0
 394 01bc 034B     		ldr	r3, .L21
 395 01be 7A68     		ldr	r2, [r7, #4]
 396 01c0 5A61     		str	r2, [r3, #20]
 255:../Libraries/STM32F4xx_StdPeriph_Driver/src/stm32f4xx_exti.c **** }
 397              		.loc 1 255 0
 398 01c2 07F10C07 		add	r7, r7, #12
 399 01c6 BD46     		mov	sp, r7
 400 01c8 80BC     		pop	{r7}
 401 01ca 7047     		bx	lr
 402              	.L22:
 403              		.align	2
 404              	.L21:
 405 01cc 003C0140 		.word	1073822720
 406              		.cfi_endproc
 407              	.LFE115:
 409              		.align	2
 410              		.global	EXTI_GetITStatus
 411              		.thumb
 412              		.thumb_func
 414              	EXTI_GetITStatus:
 415              	.LFB116:
 256:../Libraries/STM32F4xx_StdPeriph_Driver/src/stm32f4xx_exti.c **** 
 257:../Libraries/STM32F4xx_StdPeriph_Driver/src/stm32f4xx_exti.c **** /**
 258:../Libraries/STM32F4xx_StdPeriph_Driver/src/stm32f4xx_exti.c ****   * @brief  Checks whether the specified EXTI line is asserted or not.
 259:../Libraries/STM32F4xx_StdPeriph_Driver/src/stm32f4xx_exti.c ****   * @param  EXTI_Line: specifies the EXTI line to check.
 260:../Libraries/STM32F4xx_StdPeriph_Driver/src/stm32f4xx_exti.c ****   *          This parameter can be EXTI_Linex where x can be(0..22)
 261:../Libraries/STM32F4xx_StdPeriph_Driver/src/stm32f4xx_exti.c ****   * @retval The new state of EXTI_Line (SET or RESET).
 262:../Libraries/STM32F4xx_StdPeriph_Driver/src/stm32f4xx_exti.c ****   */
 263:../Libraries/STM32F4xx_StdPeriph_Driver/src/stm32f4xx_exti.c **** ITStatus EXTI_GetITStatus(uint32_t EXTI_Line)
 264:../Libraries/STM32F4xx_StdPeriph_Driver/src/stm32f4xx_exti.c **** {
 416              		.loc 1 264 0
 417              		.cfi_startproc
 418              		@ args = 0, pretend = 0, frame = 16
 419              		@ frame_needed = 1, uses_anonymous_args = 0
 420              		@ link register save eliminated.
 421 01d0 80B4     		push	{r7}
 422              	.LCFI17:
 423              		.cfi_def_cfa_offset 4
 424              		.cfi_offset 7, -4
 425 01d2 85B0     		sub	sp, sp, #20
 426              	.LCFI18:
 427              		.cfi_def_cfa_offset 24
 428 01d4 00AF     		add	r7, sp, #0
 429              	.LCFI19:
 430              		.cfi_def_cfa_register 7
 431 01d6 7860     		str	r0, [r7, #4]
 265:../Libraries/STM32F4xx_StdPeriph_Driver/src/stm32f4xx_exti.c ****   ITStatus bitstatus = RESET;
 432              		.loc 1 265 0
 433 01d8 4FF00003 		mov	r3, #0
 434 01dc FB73     		strb	r3, [r7, #15]
 266:../Libraries/STM32F4xx_StdPeriph_Driver/src/stm32f4xx_exti.c ****   uint32_t enablestatus = 0;
 435              		.loc 1 266 0
 436 01de 4FF00003 		mov	r3, #0
 437 01e2 BB60     		str	r3, [r7, #8]
 267:../Libraries/STM32F4xx_StdPeriph_Driver/src/stm32f4xx_exti.c ****   /* Check the parameters */
 268:../Libraries/STM32F4xx_StdPeriph_Driver/src/stm32f4xx_exti.c ****   assert_param(IS_GET_EXTI_LINE(EXTI_Line));
 269:../Libraries/STM32F4xx_StdPeriph_Driver/src/stm32f4xx_exti.c ****   
 270:../Libraries/STM32F4xx_StdPeriph_Driver/src/stm32f4xx_exti.c ****   enablestatus =  EXTI->IMR & EXTI_Line;
 438              		.loc 1 270 0
 439 01e4 0D4B     		ldr	r3, .L27
 440 01e6 1A68     		ldr	r2, [r3, #0]
 441 01e8 7B68     		ldr	r3, [r7, #4]
 442 01ea 1340     		ands	r3, r3, r2
 443 01ec BB60     		str	r3, [r7, #8]
 271:../Libraries/STM32F4xx_StdPeriph_Driver/src/stm32f4xx_exti.c ****   if (((EXTI->PR & EXTI_Line) != (uint32_t)RESET) && (enablestatus != (uint32_t)RESET))
 444              		.loc 1 271 0
 445 01ee 0B4B     		ldr	r3, .L27
 446 01f0 5A69     		ldr	r2, [r3, #20]
 447 01f2 7B68     		ldr	r3, [r7, #4]
 448 01f4 1340     		ands	r3, r3, r2
 449 01f6 002B     		cmp	r3, #0
 450 01f8 06D0     		beq	.L24
 451              		.loc 1 271 0 is_stmt 0 discriminator 1
 452 01fa BB68     		ldr	r3, [r7, #8]
 453 01fc 002B     		cmp	r3, #0
 454 01fe 03D0     		beq	.L24
 272:../Libraries/STM32F4xx_StdPeriph_Driver/src/stm32f4xx_exti.c ****   {
 273:../Libraries/STM32F4xx_StdPeriph_Driver/src/stm32f4xx_exti.c ****     bitstatus = SET;
 455              		.loc 1 273 0 is_stmt 1
 456 0200 4FF00103 		mov	r3, #1
 457 0204 FB73     		strb	r3, [r7, #15]
 458 0206 02E0     		b	.L25
 459              	.L24:
 274:../Libraries/STM32F4xx_StdPeriph_Driver/src/stm32f4xx_exti.c ****   }
 275:../Libraries/STM32F4xx_StdPeriph_Driver/src/stm32f4xx_exti.c ****   else
 276:../Libraries/STM32F4xx_StdPeriph_Driver/src/stm32f4xx_exti.c ****   {
 277:../Libraries/STM32F4xx_StdPeriph_Driver/src/stm32f4xx_exti.c ****     bitstatus = RESET;
 460              		.loc 1 277 0
 461 0208 4FF00003 		mov	r3, #0
 462 020c FB73     		strb	r3, [r7, #15]
 463              	.L25:
 278:../Libraries/STM32F4xx_StdPeriph_Driver/src/stm32f4xx_exti.c ****   }
 279:../Libraries/STM32F4xx_StdPeriph_Driver/src/stm32f4xx_exti.c ****   return bitstatus;
 464              		.loc 1 279 0
 465 020e FB7B     		ldrb	r3, [r7, #15]	@ zero_extendqisi2
 280:../Libraries/STM32F4xx_StdPeriph_Driver/src/stm32f4xx_exti.c **** }
 466              		.loc 1 280 0
 467 0210 1846     		mov	r0, r3
 468 0212 07F11407 		add	r7, r7, #20
 469 0216 BD46     		mov	sp, r7
 470 0218 80BC     		pop	{r7}
 471 021a 7047     		bx	lr
 472              	.L28:
 473              		.align	2
 474              	.L27:
 475 021c 003C0140 		.word	1073822720
 476              		.cfi_endproc
 477              	.LFE116:
 479              		.align	2
 480              		.global	EXTI_ClearITPendingBit
 481              		.thumb
 482              		.thumb_func
 484              	EXTI_ClearITPendingBit:
 485              	.LFB117:
 281:../Libraries/STM32F4xx_StdPeriph_Driver/src/stm32f4xx_exti.c **** 
 282:../Libraries/STM32F4xx_StdPeriph_Driver/src/stm32f4xx_exti.c **** /**
 283:../Libraries/STM32F4xx_StdPeriph_Driver/src/stm32f4xx_exti.c ****   * @brief  Clears the EXTI's line pending bits.
 284:../Libraries/STM32F4xx_StdPeriph_Driver/src/stm32f4xx_exti.c ****   * @param  EXTI_Line: specifies the EXTI lines to clear.
 285:../Libraries/STM32F4xx_StdPeriph_Driver/src/stm32f4xx_exti.c ****   *          This parameter can be any combination of EXTI_Linex where x can be (0..22)
 286:../Libraries/STM32F4xx_StdPeriph_Driver/src/stm32f4xx_exti.c ****   * @retval None
 287:../Libraries/STM32F4xx_StdPeriph_Driver/src/stm32f4xx_exti.c ****   */
 288:../Libraries/STM32F4xx_StdPeriph_Driver/src/stm32f4xx_exti.c **** void EXTI_ClearITPendingBit(uint32_t EXTI_Line)
 289:../Libraries/STM32F4xx_StdPeriph_Driver/src/stm32f4xx_exti.c **** {
 486              		.loc 1 289 0
 487              		.cfi_startproc
 488              		@ args = 0, pretend = 0, frame = 8
 489              		@ frame_needed = 1, uses_anonymous_args = 0
 490              		@ link register save eliminated.
 491 0220 80B4     		push	{r7}
 492              	.LCFI20:
 493              		.cfi_def_cfa_offset 4
 494              		.cfi_offset 7, -4
 495 0222 83B0     		sub	sp, sp, #12
 496              	.LCFI21:
 497              		.cfi_def_cfa_offset 16
 498 0224 00AF     		add	r7, sp, #0
 499              	.LCFI22:
 500              		.cfi_def_cfa_register 7
 501 0226 7860     		str	r0, [r7, #4]
 290:../Libraries/STM32F4xx_StdPeriph_Driver/src/stm32f4xx_exti.c ****   /* Check the parameters */
 291:../Libraries/STM32F4xx_StdPeriph_Driver/src/stm32f4xx_exti.c ****   assert_param(IS_EXTI_LINE(EXTI_Line));
 292:../Libraries/STM32F4xx_StdPeriph_Driver/src/stm32f4xx_exti.c ****   
 293:../Libraries/STM32F4xx_StdPeriph_Driver/src/stm32f4xx_exti.c ****   EXTI->PR = EXTI_Line;
 502              		.loc 1 293 0
 503 0228 034B     		ldr	r3, .L30
 504 022a 7A68     		ldr	r2, [r7, #4]
 505 022c 5A61     		str	r2, [r3, #20]
 294:../Libraries/STM32F4xx_StdPeriph_Driver/src/stm32f4xx_exti.c **** }
 506              		.loc 1 294 0
 507 022e 07F10C07 		add	r7, r7, #12
 508 0232 BD46     		mov	sp, r7
 509 0234 80BC     		pop	{r7}
 510 0236 7047     		bx	lr
 511              	.L31:
 512              		.align	2
 513              	.L30:
 514 0238 003C0140 		.word	1073822720
 515              		.cfi_endproc
 516              	.LFE117:
 518              	.Letext0:
 519              		.file 2 "/opt/CodeSourcery/bin/../lib/gcc/arm-none-eabi/4.7.2/../../../../arm-none-eabi/include/st
 520              		.file 3 "/home/dev/arm/stm32/stm32f4/stm32f4-discovery/apps/template/Libraries/CMSIS/Device/ST/STM
 521              		.file 4 "/home/dev/arm/stm32/stm32f4/stm32f4-discovery/apps/template/Libraries/STM32F4xx_StdPeriph
 522              		.file 5 "/home/dev/arm/stm32/stm32f4/stm32f4-discovery/apps/template/Libraries/CMSIS/Include/core_
DEFINED SYMBOLS
                            *ABS*:00000000 stm32f4xx_exti.c
     /tmp/ccE6UMlI.s:18     .text:00000000 $t
     /tmp/ccE6UMlI.s:23     .text:00000000 EXTI_DeInit
     /tmp/ccE6UMlI.s:65     .text:00000030 $d
     /tmp/ccE6UMlI.s:70     .text:00000038 $t
     /tmp/ccE6UMlI.s:75     .text:00000038 EXTI_Init
     /tmp/ccE6UMlI.s:220    .text:0000011c $d
     /tmp/ccE6UMlI.s:224    .text:00000120 $t
     /tmp/ccE6UMlI.s:229    .text:00000120 EXTI_StructInit
     /tmp/ccE6UMlI.s:276    .text:00000154 EXTI_GenerateSWInterrupt
     /tmp/ccE6UMlI.s:309    .text:00000174 $d
     /tmp/ccE6UMlI.s:313    .text:00000178 $t
     /tmp/ccE6UMlI.s:318    .text:00000178 EXTI_GetFlagStatus
     /tmp/ccE6UMlI.s:366    .text:000001b0 $d
     /tmp/ccE6UMlI.s:370    .text:000001b4 $t
     /tmp/ccE6UMlI.s:375    .text:000001b4 EXTI_ClearFlag
     /tmp/ccE6UMlI.s:405    .text:000001cc $d
     /tmp/ccE6UMlI.s:409    .text:000001d0 $t
     /tmp/ccE6UMlI.s:414    .text:000001d0 EXTI_GetITStatus
     /tmp/ccE6UMlI.s:475    .text:0000021c $d
     /tmp/ccE6UMlI.s:479    .text:00000220 $t
     /tmp/ccE6UMlI.s:484    .text:00000220 EXTI_ClearITPendingBit
     /tmp/ccE6UMlI.s:514    .text:00000238 $d
                     .debug_frame:00000010 $d
                           .group:00000000 wm4.1.ee386580922180e5cad1057f989de60d
                           .group:00000000 wm4.stm32f4xx.h.54.6e1f0ee5c76cc1e53c8ea6d18297b5fd
                           .group:00000000 wm4.core_cm4.h.32.f824aba4d431a5bb4a51726bd5b62834
                           .group:00000000 wm4.stdint.h.10.90b695f550ca6cc3fb08fa83baf01e05
                           .group:00000000 wm4.core_cmInstr.h.25.f50f886f2edf670cf199b35fd96f5c91
                           .group:00000000 wm4.core_cm4_simd.h.29.b4a3fdfb606cb3b26119424324d4b963
                           .group:00000000 wm4.core_cm4.h.153.5393ef7e6cebf34dd51ca528f9218ab3
                           .group:00000000 wm4.stm32f4xx.h.289.fa68dcae75666a037ce29b5a1b57e3b3
                           .group:00000000 wm4.stm32f4xx_adc.h.108.1710484bf41297b93f825b3b15cbdff8
                           .group:00000000 wm4.stm32f4xx_can.h.31.3bb56c6436c7a6e6af1611046e81f48c
                           .group:00000000 wm4.stm32f4xx_cryp.h.31.94bbbb19b99df10306f31e78c333a77b
                           .group:00000000 wm4.stm32f4xx_dac.h.31.b8d45e7eaf71ee4bf01c1317dbc06f77
                           .group:00000000 wm4.stm32f4xx_dbgmcu.h.30.70a81ec54c2707baa9fca77391eeeaaa
                           .group:00000000 wm4.stm32f4xx_dcmi.h.30.9d0942d58c357d2eed15e044bf9b4a77
                           .group:00000000 wm4.stm32f4xx_dma.h.31.815bb924b30b1c776b3cd51113fdfe60
                           .group:00000000 wm4.stm32f4xx_flash.h.31.74f2ed42d890f144ca7eb5ae8172f0d0
                           .group:00000000 wm4.stm32f4xx_fsmc.h.31.ff58629e0c603fb2f9b3f00c0657fdfa
                           .group:00000000 wm4.stm32f4xx_hash.h.31.5c109425d30f0b9cc0a26ad38182d91f
                           .group:00000000 wm4.stm32f4xx_gpio.h.31.d9aeae10cfa353d85d475c0d4900c452
                           .group:00000000 wm4.stm32f4xx_i2c.h.31.edf5baa611075c49ae13f56be9040be3
                           .group:00000000 wm4.stm32f4xx_iwdg.h.31.30e376e6d8d424aab7fddd66cf691c7b
                           .group:00000000 wm4.stm32f4xx_pwr.h.31.bb774fc1b632cb8d2ecaec8c6524d2c0
                           .group:00000000 wm4.stm32f4xx_rcc.h.30.820e94551583d2b835c8cf3ad722e16c
                           .group:00000000 wm4.stm32f4xx_rng.h.31.1ec493d56b7a8e5a71238519cae6dea7
                           .group:00000000 wm4.stm32f4xx_rtc.h.31.bddeb98c63c8fa06fac80b5dd8296471
                           .group:00000000 wm4.stm32f4xx_sdio.h.31.8c6dff42ffa718b444c3420717601ff2
                           .group:00000000 wm4.stm32f4xx_spi.h.31.fb1b2c8214b87a47d4457633b7c31c3c
                           .group:00000000 wm4.stm32f4xx_syscfg.h.31.5a680f88d55b7816ae613c20f199cbd9
                           .group:00000000 wm4.stm32f4xx_tim.h.31.b1d608fbde729347e4ccf70799e654d2
                           .group:00000000 wm4.stm32f4xx_usart.h.31.f8d29b14aa4d39de5495adcc92749d3c
                           .group:00000000 wm4.stm32f4xx_wwdg.h.31.b45a80fa1ec64984adf786f7e489f31b
                           .group:00000000 wm4.misc.h.31.041217492a6cb86f2fb26099f373a465
                           .group:00000000 wm4.stm32f4xx.h.6975.cdbdae9d5de06f1ba6b770f59cbe4d6c
                           .group:00000000 wm4.stm32f4xx_exti.h.60.dff5f26e237b66dd14ed59a68e0964a0

NO UNDEFINED SYMBOLS
