Archive member included because of file (symbol)

/opt/CodeSourcery/bin/../lib/gcc/arm-none-eabi/4.7.2/../../../../arm-none-eabi/lib/thumb2/libc.a(lib_a-memcpy.o)
                              ./src/usbh_adk_core.o (memcpy)
/opt/CodeSourcery/bin/../lib/gcc/arm-none-eabi/4.7.2/../../../../arm-none-eabi/lib/thumb2/libc.a(lib_a-sprintf.o)
                              ./src/usbh_usr.o (sprintf)
/opt/CodeSourcery/bin/../lib/gcc/arm-none-eabi/4.7.2/../../../../arm-none-eabi/lib/thumb2/libc.a(lib_a-strlen.o)
                              ./src/usbh_adk_core.o (strlen)
/opt/CodeSourcery/bin/../lib/gcc/arm-none-eabi/4.7.2/../../../../arm-none-eabi/lib/thumb2/libc.a(lib_a-strncpy.o)
                              ./src/usbh_adk_core.o (strncpy)
/opt/CodeSourcery/bin/../lib/gcc/arm-none-eabi/4.7.2/../../../../arm-none-eabi/lib/thumb2/libc.a(lib_a-svfprintf.o)
                              /opt/CodeSourcery/bin/../lib/gcc/arm-none-eabi/4.7.2/../../../../arm-none-eabi/lib/thumb2/libc.a(lib_a-sprintf.o) (_svfprintf_r)
/opt/CodeSourcery/bin/../lib/gcc/arm-none-eabi/4.7.2/../../../../arm-none-eabi/lib/thumb2/libc.a(lib_a-dtoa.o)
                              /opt/CodeSourcery/bin/../lib/gcc/arm-none-eabi/4.7.2/../../../../arm-none-eabi/lib/thumb2/libc.a(lib_a-svfprintf.o) (_dtoa_r)
/opt/CodeSourcery/bin/../lib/gcc/arm-none-eabi/4.7.2/../../../../arm-none-eabi/lib/thumb2/libc.a(lib_a-impure.o)
                              /opt/CodeSourcery/bin/../lib/gcc/arm-none-eabi/4.7.2/../../../../arm-none-eabi/lib/thumb2/libc.a(lib_a-sprintf.o) (_impure_ptr)
/opt/CodeSourcery/bin/../lib/gcc/arm-none-eabi/4.7.2/../../../../arm-none-eabi/lib/thumb2/libc.a(lib_a-locale.o)
                              /opt/CodeSourcery/bin/../lib/gcc/arm-none-eabi/4.7.2/../../../../arm-none-eabi/lib/thumb2/libc.a(lib_a-svfprintf.o) (_localeconv_r)
/opt/CodeSourcery/bin/../lib/gcc/arm-none-eabi/4.7.2/../../../../arm-none-eabi/lib/thumb2/libc.a(lib_a-malloc.o)
                              /opt/CodeSourcery/bin/../lib/gcc/arm-none-eabi/4.7.2/../../../../arm-none-eabi/lib/thumb2/libc.a(lib_a-dtoa.o) (malloc)
/opt/CodeSourcery/bin/../lib/gcc/arm-none-eabi/4.7.2/../../../../arm-none-eabi/lib/thumb2/libc.a(lib_a-mallocr.o)
                              /opt/CodeSourcery/bin/../lib/gcc/arm-none-eabi/4.7.2/../../../../arm-none-eabi/lib/thumb2/libc.a(lib_a-svfprintf.o) (_malloc_r)
/opt/CodeSourcery/bin/../lib/gcc/arm-none-eabi/4.7.2/../../../../arm-none-eabi/lib/thumb2/libc.a(lib_a-memchr.o)
                              /opt/CodeSourcery/bin/../lib/gcc/arm-none-eabi/4.7.2/../../../../arm-none-eabi/lib/thumb2/libc.a(lib_a-svfprintf.o) (memchr)
/opt/CodeSourcery/bin/../lib/gcc/arm-none-eabi/4.7.2/../../../../arm-none-eabi/lib/thumb2/libc.a(lib_a-mlock.o)
                              /opt/CodeSourcery/bin/../lib/gcc/arm-none-eabi/4.7.2/../../../../arm-none-eabi/lib/thumb2/libc.a(lib_a-mallocr.o) (__malloc_lock)
/opt/CodeSourcery/bin/../lib/gcc/arm-none-eabi/4.7.2/../../../../arm-none-eabi/lib/thumb2/libc.a(lib_a-mprec.o)
                              /opt/CodeSourcery/bin/../lib/gcc/arm-none-eabi/4.7.2/../../../../arm-none-eabi/lib/thumb2/libc.a(lib_a-dtoa.o) (_Balloc)
/opt/CodeSourcery/bin/../lib/gcc/arm-none-eabi/4.7.2/../../../../arm-none-eabi/lib/thumb2/libc.a(lib_a-s_fpclassify.o)
                              /opt/CodeSourcery/bin/../lib/gcc/arm-none-eabi/4.7.2/../../../../arm-none-eabi/lib/thumb2/libc.a(lib_a-svfprintf.o) (__fpclassifyd)
/opt/CodeSourcery/bin/../lib/gcc/arm-none-eabi/4.7.2/../../../../arm-none-eabi/lib/thumb2/libc.a(lib_a-sbrkr.o)
                              /opt/CodeSourcery/bin/../lib/gcc/arm-none-eabi/4.7.2/../../../../arm-none-eabi/lib/thumb2/libc.a(lib_a-mallocr.o) (_sbrk_r)
/opt/CodeSourcery/bin/../lib/gcc/arm-none-eabi/4.7.2/../../../../arm-none-eabi/lib/thumb2/libc.a(lib_a-strcmp.o)
                              /opt/CodeSourcery/bin/../lib/gcc/arm-none-eabi/4.7.2/../../../../arm-none-eabi/lib/thumb2/libc.a(lib_a-locale.o) (strcmp)
/opt/CodeSourcery/bin/../lib/gcc/arm-none-eabi/4.7.2/../../../../arm-none-eabi/lib/thumb2/libc.a(lib_a-svfiprintf.o)
                              /opt/CodeSourcery/bin/../lib/gcc/arm-none-eabi/4.7.2/../../../../arm-none-eabi/lib/thumb2/libc.a(lib_a-svfprintf.o) (__ssprint_r)
/opt/CodeSourcery/bin/../lib/gcc/arm-none-eabi/4.7.2/../../../../arm-none-eabi/lib/thumb2/libc.a(lib_a-callocr.o)
                              /opt/CodeSourcery/bin/../lib/gcc/arm-none-eabi/4.7.2/../../../../arm-none-eabi/lib/thumb2/libc.a(lib_a-mprec.o) (_calloc_r)
/opt/CodeSourcery/bin/../lib/gcc/arm-none-eabi/4.7.2/../../../../arm-none-eabi/lib/thumb2/libc.a(lib_a-freer.o)
                              /opt/CodeSourcery/bin/../lib/gcc/arm-none-eabi/4.7.2/../../../../arm-none-eabi/lib/thumb2/libc.a(lib_a-malloc.o) (_free_r)
/opt/CodeSourcery/bin/../lib/gcc/arm-none-eabi/4.7.2/../../../../arm-none-eabi/lib/thumb2/libc.a(lib_a-memmove.o)
[...]
Memory Configuration

Name             Origin             Length             Attributes
FLASH            0x08000000         0x00100000         xr
RAM              0x20000000         0x00020000         xrw
CCMRAM           0x10000000         0x00010000         xrw
MEMORY_B1        0x60000000         0x00000000         xr
*default*        0x00000000         0xffffffff

Linker script and memory map

LOAD /opt/CodeSourcery/bin/../lib/gcc/arm-none-eabi/4.7.2/thumb2/crti.o
LOAD /opt/CodeSourcery/bin/../lib/gcc/arm-none-eabi/4.7.2/thumb2/crtbegin.o
LOAD ./src/main.o
LOAD ./src/stm32f4xx_it.o
LOAD ./src/system_stm32f4xx.o
LOAD ./src/uart_debug.o
LOAD ./src/usb_bsp.o
LOAD ./src/usbh_adk_core.o
LOAD ./src/usbh_usr.o
LOAD ./src/xprintf.o
LOAD ./Utilities/STM32_EVAL/stm32f4_discovery.o
LOAD ./Libraries/STM32_USB_OTG_Driver/src/usb_core.o
LOAD ./Libraries/STM32_USB_OTG_Driver/src/usb_hcd.o
LOAD ./Libraries/STM32_USB_OTG_Driver/src/usb_hcd_int.o
LOAD ./Libraries/STM32_USB_HOST_Library/Core/src/usbh_core.o
LOAD ./Libraries/STM32_USB_HOST_Library/Core/src/usbh_hcs.o
LOAD ./Libraries/STM32_USB_HOST_Library/Core/src/usbh_ioreq.o
LOAD ./Libraries/STM32_USB_HOST_Library/Core/src/usbh_stdreq.o
LOAD ./Libraries/STM32F4xx_StdPeriph_Driver/src/misc.o
LOAD ./Libraries/STM32F4xx_StdPeriph_Driver/src/stm32f4xx_adc.o
LOAD ./Libraries/STM32F4xx_StdPeriph_Driver/src/stm32f4xx_can.o
LOAD ./Libraries/STM32F4xx_StdPeriph_Driver/src/stm32f4xx_crc.o
LOAD ./Libraries/STM32F4xx_StdPeriph_Driver/src/stm32f4xx_cryp.o
LOAD ./Libraries/STM32F4xx_StdPeriph_Driver/src/stm32f4xx_cryp_aes.o
LOAD ./Libraries/STM32F4xx_StdPeriph_Driver/src/stm32f4xx_cryp_des.o
LOAD ./Libraries/STM32F4xx_StdPeriph_Driver/src/stm32f4xx_cryp_tdes.o
LOAD ./Libraries/STM32F4xx_StdPeriph_Driver/src/stm32f4xx_dac.o
LOAD ./Libraries/STM32F4xx_StdPeriph_Driver/src/stm32f4xx_dbgmcu.o
LOAD ./Libraries/STM32F4xx_StdPeriph_Driver/src/stm32f4xx_dcmi.o
LOAD ./Libraries/STM32F4xx_StdPeriph_Driver/src/stm32f4xx_dma.o
LOAD ./Libraries/STM32F4xx_StdPeriph_Driver/src/stm32f4xx_exti.o
LOAD ./Libraries/STM32F4xx_StdPeriph_Driver/src/stm32f4xx_flash.o
LOAD ./Libraries/STM32F4xx_StdPeriph_Driver/src/stm32f4xx_fsmc.o
LOAD ./Libraries/STM32F4xx_StdPeriph_Driver/src/stm32f4xx_gpio.o
LOAD ./Libraries/STM32F4xx_StdPeriph_Driver/src/stm32f4xx_hash.o
LOAD ./Libraries/STM32F4xx_StdPeriph_Driver/src/stm32f4xx_hash_md5.o
LOAD ./Libraries/STM32F4xx_StdPeriph_Driver/src/stm32f4xx_hash_sha1.o
LOAD ./Libraries/STM32F4xx_StdPeriph_Driver/src/stm32f4xx_i2c.o
LOAD ./Libraries/STM32F4xx_StdPeriph_Driver/src/stm32f4xx_iwdg.o
LOAD ./Libraries/STM32F4xx_StdPeriph_Driver/src/stm32f4xx_pwr.o
LOAD ./Libraries/STM32F4xx_StdPeriph_Driver/src/stm32f4xx_rcc.o
LOAD ./Libraries/STM32F4xx_StdPeriph_Driver/src/stm32f4xx_rng.o
LOAD ./Libraries/STM32F4xx_StdPeriph_Driver/src/stm32f4xx_rtc.o
LOAD ./Libraries/STM32F4xx_StdPeriph_Driver/src/stm32f4xx_sdio.o
LOAD ./Libraries/STM32F4xx_StdPeriph_Driver/src/stm32f4xx_spi.o
LOAD ./Libraries/STM32F4xx_StdPeriph_Driver/src/stm32f4xx_syscfg.o
LOAD ./Libraries/STM32F4xx_StdPeriph_Driver/src/stm32f4xx_tim.o
LOAD ./Libraries/STM32F4xx_StdPeriph_Driver/src/stm32f4xx_usart.o
LOAD ./Libraries/STM32F4xx_StdPeriph_Driver/src/stm32f4xx_wwdg.o
START GROUP
LOAD /opt/CodeSourcery/bin/../lib/gcc/arm-none-eabi/4.7.2/thumb2/libgcc.a
LOAD /opt/CodeSourcery/bin/../lib/gcc/arm-none-eabi/4.7.2/../../../../arm-none-eabi/lib/thumb2/libc.a
END GROUP
LOAD /opt/CodeSourcery/bin/../lib/gcc/arm-none-eabi/4.7.2/thumb2/crtend.o
LOAD /opt/CodeSourcery/bin/../lib/gcc/arm-none-eabi/4.7.2/thumb2/crtn.o
                0x20020000                _estack = 0x20020000
                0x00000000                _Min_Heap_Size = 0x0
                0x00000400                _Min_Stack_Size = 0x400

.isr_vector     0x08000000        0x0
                0x08000000                . = ALIGN (0x4)
 *(.isr_vector)
                0x08000000                . = ALIGN (0x4)

.text           0x08000000       0xe0
                0x08000000                . = ALIGN (0x4)
 *(.text)
 .text          0x08000000       0xc8 /opt/CodeSourcery/bin/../lib/gcc/arm-none-eabi/4.7.2/thumb2/crtbegin.o
 *(.text*)
 *(.rodata)
 *(.rodata*)
 *(.glue_7)
 .glue_7        0x00000000        0x0 linker stubs
 *(.glue_7t)
 .glue_7t       0x00000000        0x0 linker stubs
 *(.eh_frame)
 .eh_frame      0x080000c8        0x0 /opt/CodeSourcery/bin/../lib/gcc/arm-none-eabi/4.7.2/thumb2/crtbegin.o
 *(.init)
 .init          0x080000c8        0x4 /opt/CodeSourcery/bin/../lib/gcc/arm-none-eabi/4.7.2/thumb2/crti.o
                0x080000c8                _init
 .init          0x080000cc        0x8 /opt/CodeSourcery/bin/../lib/gcc/arm-none-eabi/4.7.2/thumb2/crtn.o
 *(.fini)
 .fini          0x080000d4        0x4 /opt/CodeSourcery/bin/../lib/gcc/arm-none-eabi/4.7.2/thumb2/crti.o
                0x080000d4                _fini
 .fini          0x080000d8        0x8 /opt/CodeSourcery/bin/../lib/gcc/arm-none-eabi/4.7.2/thumb2/crtn.o
                0x080000e0                . = ALIGN (0x4)
                0x080000e0                _etext = .

.vfp11_veneer   0x080000e0        0x0
 .vfp11_veneer  0x00000000        0x0 linker stubs

.v4_bx          0x080000e0        0x0
 .v4_bx         0x00000000        0x0 linker stubs

.iplt           0x080000e0        0x0
 .iplt          0x00000000        0x0 /opt/CodeSourcery/bin/../lib/gcc/arm-none-eabi/4.7.2/thumb2/crtbegin.o

.rel.dyn        0x080000e0        0x0
 .rel.iplt      0x00000000        0x0 /opt/CodeSourcery/bin/../lib/gcc/arm-none-eabi/4.7.2/thumb2/crtbegin.o

.ARM.extab
 *(.ARM.extab* .gnu.linkonce.armextab.*)

.ARM            0x080000e0        0x0
                0x080000e0                __exidx_start = .
 *(.ARM.exidx*)
                0x080000e0                __exidx_end = .

.preinit_array  0x080000e0        0x0
                0x080000e0                PROVIDE (__preinit_array_start, .)
 *(.preinit_array*)
                0x080000e0                PROVIDE (__preinit_array_end, .)

.init_array     0x080000e0        0x4
                0x080000e0                PROVIDE (__init_array_start, .)
 *(SORT(.init_array.*))
 *(.init_array*)
 .init_array    0x080000e0        0x4 /opt/CodeSourcery/bin/../lib/gcc/arm-none-eabi/4.7.2/thumb2/crtbegin.o
                0x080000e4                PROVIDE (__init_array_end, .)

.fini_array     0x080000e4        0x4
                0x080000e4                PROVIDE (__fini_array_start, .)
 *(.fini_array*)
 .fini_array    0x080000e4        0x4 /opt/CodeSourcery/bin/../lib/gcc/arm-none-eabi/4.7.2/thumb2/crtbegin.o
 *(SORT(.fini_array.*))
                0x080000e8                PROVIDE (__fini_array_end, .)
                0x080000e8                _sidata = .

.data           0x20000000        0x0 load address 0x080000e8
                0x20000000                . = ALIGN (0x4)
                0x20000000                _sdata = .
 *(.data)
 *(.data*)
                0x20000000                . = ALIGN (0x4)
                0x20000000                _edata = .

.jcr            0x20000000        0x0
 .jcr           0x20000000        0x0 /opt/CodeSourcery/bin/../lib/gcc/arm-none-eabi/4.7.2/thumb2/crtbegin.o

.tm_clone_table
                0x20000000        0x0
 .tm_clone_table
                0x20000000        0x0 /opt/CodeSourcery/bin/../lib/gcc/arm-none-eabi/4.7.2/thumb2/crtbegin.o
 .tm_clone_table
                0x20000000        0x0 /opt/CodeSourcery/bin/../lib/gcc/arm-none-eabi/4.7.2/thumb2/crtend.o

.igot.plt       0x20000000        0x0
 .igot.plt      0x00000000        0x0 /opt/CodeSourcery/bin/../lib/gcc/arm-none-eabi/4.7.2/thumb2/crtbegin.o
                0x20000000                . = ALIGN (0x4)

.bss            0x20000000       0x1c
                0x20000000                _sbss = .
                0x20000000                __bss_start__ = _sbss
 *(.bss)
 .bss           0x20000000       0x1c /opt/CodeSourcery/bin/../lib/gcc/arm-none-eabi/4.7.2/thumb2/crtbegin.o
 *(.bss*)
 *(COMMON)
                0x2000001c                . = ALIGN (0x4)
                0x2000001c                _ebss = .
                0x2000001c                __bss_end__ = _ebss

._user_heap_stack
                0x2000001c      0x400
                0x2000001c                . = ALIGN (0x4)
                0x2000001c                PROVIDE (end, .)
                0x2000001c                PROVIDE (_end, .)
                0x2000001c                . = (. + _Min_Heap_Size)
                0x2000041c                . = (. + _Min_Stack_Size)
 *fill*         0x2000001c      0x400 
                0x2000041c                . = ALIGN (0x4)

.memory_b1_text
 *(.mb1text)
 *(.mb1text*)
 *(.mb1rodata)
 *(.mb1rodata*)

/DISCARD/
 libc.a(*)
 libm.a(*)
 libgcc.a(*)

.ARM.attributes
                0x00000000       0x31
 *(.ARM.attributes)
 .ARM.attributes
                0x00000000       0x19 /opt/CodeSourcery/bin/../lib/gcc/arm-none-eabi/4.7.2/thumb2/crti.o
 .ARM.attributes
                0x00000019       0x29 /opt/CodeSourcery/bin/../lib/gcc/arm-none-eabi/4.7.2/thumb2/crtbegin.o
 .ARM.attributes
                0x00000042       0x29 /opt/CodeSourcery/bin/../lib/gcc/arm-none-eabi/4.7.2/thumb2/crtend.o
 .ARM.attributes
                0x0000006b       0x19 /opt/CodeSourcery/bin/../lib/gcc/arm-none-eabi/4.7.2/thumb2/crtn.o
OUTPUT(STM32F4_ADK.elf elf32-littlearm)
